SFSSTITSSFS 29 38 DDRRRRRRRRS
QNGLCLGNQ 5 15 RRRDDRRRS
VTSPVSVPSTV 51 27 DDDRRRDDRDS
SMKFKUKFKMS 45 72 RDDDRRRDDDS
PTHGNHBHNGHTP 1 61 DDRRRDDDRRDRS
PUEQQQEUP 77 56 DDRDRDRDS
AVPFAFPVA 2 43 RRDDRDDDS
DQCRSHSRCQD 70 57 DDRRDRDDRRS
NFIPRRRRPIFN 28 79 RRRDDRRRDRRS
SOFGJOJGFOS 47 34 DDDRRRRRRDS
MGGPOOPGGM 48 29 DDDDDRRRDS
PCKFSMSFKCP 79 1 DRRRDDRRDRS
RODOHVHODOR 13 7 DDDDDRRRDRS
UUFTHTAURRUATHTFUU 51 15 DDRDRDDRRDDDDDRRDS
PPQALFLAQPP 21 88 DRRRRRRRRDS
IRHLEGELHRI 91 12 RDDDRRDDRDS
SNCJQQJCNS 20 12 RRDDRDRDDS
OIVSQTGTQSVIO 45 83 DRDDDDRRRRDDS
JEPRFKFRPEJ 33 28 DRRRDRRDDRS
BVPGPRPGPVB 79 53 RRRRDRDRRRS
MPMUTSTUMPM 34 7 RRRRRRDDRRS
GSACICASG 4 90 RDRDDRRDS
HFONFJAJFNOFH 85 14 RDDRDDRDDRDRS
JCFURNRUFCJ 52 7 RRDDRRDRRDS
PJFUIKPKIUFJP 10 25 DRRDDDRDDDRDS
DTNEQQENTD 45 78 DRRDDRRDDS
GCSIRORISCG 51 27 RDRRRRDRDDS
PECFEFCEP 11 75 RDRRRRDDS
PUUAVPVAUUP 38 3 RRRDDDDDDDS
FVAECNCEAVF 24 46 RRDDRRDRRRS
BOJHCCHJOB 92 5 DDDRDRRDDS
ESDGHEHGDSE 21 17 DRRDDRRRDDS
DNCEMLMECND 17 40 RDRRRRRRDDS
FFITOTIFF 7 38 RDRDRRRDS
AEMDIIDMEA 51 66 RRDRRDDDDS
TEMQMKMQMET 16 31 RDRRDRRRDRS
HSKIFNPNFIKSH 43 56 DDRRRDDDDDRRS
CUOBMBOUC 2 8 RDDRRDDDS
RCOJQUUQJOCR 16 24 DDRRDDDRRRRS
LJMDMNMDMJL 15 62 DRRDRRRRDDS
CTGIQHHQIGTC 81 13 RRDDDRRDRRDS
GSESOKOSESG 56 46 DDRRRRDDDRS
HMKHMMMHKMH 4 19 RDRDDRDRDRS
UFMUMCMUMFU 30 39 DDDDRRDRDRS
DEAVFIIFVAED 28 57 DRDDDDDDRDRS
MDMLCJCLMDM 9 31 RDDRDDDDRDS
BASRNLLNRSAB 61 84 DDRRDDRDDRDS
HRORKRORH 6 47 DDRRRDRDS
GIHLNLHIG 55 94 DDRDRRRDS
ALLOPOLLA 2 3 RDDRRRDRS
IGMNVHHVNMGI 5 55 DDDDRRRRRDDS
KFLTVQVTLFK 7 93 DRDDRRDRDRS
MQAVPHPVAQM 43 38 RRRRDRDRRDS
QFSRORSFQ 44 73 DRRDRDDRS
QJKOEAEOKJQ 36 7 RDDRDRRRDRS
SJRJFBFJRJS 22 37 DRDDRRDRRDS
FHMIOCOIMHF 89 48 RRDRDRRDDRS
GMCLVPVLCMG 90 52 RDDRDDRDDDS
HCMGHOVOHGMCH 54 79 DRDRRRRRRDRDS
BIHGFIKKIFGHIB 52 28 RRRDRDDDRRRDDS
