IGMNVHHVNMGI 5 55 DDDDRRRRRDDS
KFLTVQVTLFK 7 93 DRDDRRDRDRS
MQAVPHPVAQM 43 38 RRRRDRDRRDS
QFSRORSFQ 44 73 DRRDRDDRS
QJKOEAEOKJQ 36 7 RDDRDRRRDRS
SJRJFBFJRJS 22 37 DRDDRRDRRDS
FHMIOCOIMHF 89 48 RRDRDRRDDRS
GMCLVPVLCMG 90 52 RDDRDDRDDDS
HCMGHOVOHGMCH 54 79 DRDRRRRRRDRDS
BIHGFIKKIFGHIB 52 28 RRRDRDDDRRRDDS
