MGGPOOPGGM 48 29 DDDDDRRRDS
PCKFSMSFKCP 79 1 DRRRDDRRDRS
RODOHVHODOR 13 7 DDDDDRRRDRS
UUFTHTAURRUATHTFUU 51 15 DDRDRDDRRDDDDDRRDS
PPQALFLAQPP 21 88 DRRRRRRRRDS
IRHLEGELHRI 91 12 RDDDRRDDRDS
SNCJQQJCNS 20 12 RRDDRDRDDS
OIVSQTGTQSVIO 45 83 DRDDDDRRRRDDS
JEPRFKFRPEJ 33 28 DRRRDRRDDRS
BVPGPRPGPVB 79 53 RRRRDRDRRRS
